======================================================================
DENEME4 +47mm AYRISTIRMA (margin/z_clearance BAGIMSIZ)
======================================================================
plaka(HOCA 335-5mm kenar)=325.0x325.0mm  (eski auto=301.6)  fine_pitch=0.5  tip=13  toplam_parca=588  seed=42

--- (margin=2, z_clearance=2) ---
  yukseklik = 264.0 mm   yerlesen=588/588   (253s)
  min_bosluk = 1.023 mm   OK>=1mm

--- (margin=1, z_clearance=2) ---
  yukseklik = 260.0 mm   yerlesen=588/588   (268s)
  min_bosluk = 1.019 mm   OK>=1mm

--- (margin=0, z_clearance=1) ---
  yukseklik = 245.5 mm   yerlesen=588/588   (258s)
  min_bosluk = 0.061 mm   IHLAL<1mm

--- (margin=2, z_clearance=1) ---
  yukseklik = 270.5 mm   yerlesen=588/588   (292s)
  min_bosluk = 0.515 mm   IHLAL<1mm

--- (margin=0, z_clearance=2) ---
  yukseklik = 246.5 mm   yerlesen=588/588   (239s)
  min_bosluk = 0.073 mm   IHLAL<1mm

======================================================================
AYRISTIRMA
  baseline (0,1) = 245.5 mm  (bosluk 0.061)
  yatay-only (2,1): +25.0 mm  (bosluk 0.515)
  dikey-only (0,2): +1.0 mm  (bosluk 0.073)
  toplam    (2,2): +18.5 mm  (bosluk 1.023)
  yatay-1@z2 (1,2): +14.5 mm  (bosluk 1.019)

  TOPLANABILIRLIK: yatay+dikey=26.0 vs gercek(2,2)=18.5 mm
  KUANTIZASYON VERGISI (m1->m2 @z2): 4.0 mm  [m1 bosluk 1.019<1 yetersiz -> m2 1.023]
======================================================================
BITTI
