======================================================================
DENEME4 +47mm AYRISTIRMA (margin/z_clearance BAGIMSIZ)
======================================================================
plaka(HOCA 335-5mm kenar)=325.0x325.0mm  (eski auto=301.6)  fine_pitch=0.5  tip=13  toplam_parca=588  seed=42

--- (margin=0, z_clearance=1) ---
  yukseklik = 245.5 mm   yerlesen=588/588   (372s)
  min_bosluk = 0.061 mm   IHLAL<1mm

--- (margin=2, z_clearance=1) ---
  yukseklik = 270.5 mm   yerlesen=588/588   (418s)
  min_bosluk = 0.515 mm   IHLAL<1mm

--- (margin=0, z_clearance=2) ---
  yukseklik = 246.5 mm   yerlesen=588/588   (317s)
  min_bosluk = 0.073 mm   IHLAL<1mm

--- (margin=2, z_clearance=2) ---
  yukseklik = 264.0 mm   yerlesen=588/588   (332s)
  min_bosluk = 1.023 mm   OK>=1mm

--- (margin=1, z_clearance=1) ---
  yukseklik = 260.5 mm   yerlesen=588/588   (257s)
  min_bosluk = 0.528 mm   IHLAL<1mm

======================================================================
AYRISTIRMA
  baseline (0,1) = 245.5 mm  (bosluk 0.061)
  yatay-only (2,1): +25.0 mm  (bosluk 0.515)
  dikey-only (0,2): +1.0 mm  (bosluk 0.073)
  toplam    (2,2): +18.5 mm  (bosluk 1.023)
  yatay-1   (1,1): +15.0 mm  (bosluk 0.528)

  TOPLANABILIRLIK: yatay+dikey=26.0 vs gercek(2,2)=18.5 mm
======================================================================
BITTI
