==============================================================================
H-15b — coarse asamasi maliyet atifi (deneme4, fine=0.5)
==============================================================================
[1] suggest_coarse_pitch = 1.5 mm (fine 0.5 x3 hedef, min_feature bbox-tabanli tavan)
[2] coarse voxelize @1.5: 588 parca, 9s
==============================================================================
H-15b — coarse asamasi maliyet atifi (deneme4, fine=0.5)
==============================================================================
[1] suggest_coarse_pitch = 1.5 mm (fine 0.5 x3 hedef, min_feature bbox-tabanli tavan)
[2] coarse voxelize @1.5: 588 parca, 12s
[3] tune menusu: 7 konfig | demo_pipeline COARSE_BUDGET=25
      - baseline
      - sa_auto
      - sa_3starts
      - sa_5starts
      - dblf_only
      - ga_only
      - tabu_only
[4] TEK dblf gecisi @coarse: 32.1s (yukseklik 300.0mm)

[5] SENTEZ (zincir testi toplami 6270s):
    coarse voxelize        ~    12s
    tune ALT sinir (1x)    ~   225s = 7 konfig x 32s
    tune UST sinir (25x)   ~  5626s
    fine voxelize (~n=4)   ~   90s (h15 olcumu 28-94s)
    fine taban gecisi      ~   479s (h15 olcumu)
    TOPLAM (1x varsayimi) ~   806s (oran 0.13)
    TOPLAM (25x varsayimi) ~  6207s (oran 0.99)

NOT: tuner iterasyon semantigi (budget=25'in kac tam gecise denk geldigi) instance_tuner kodundan ayrica dogrulanmali — bu prob alt/ust sinir bracket verir.
TOPLAM SURE: 45s
