[15:41:58] ==========================================================================
[15:41:58] H-16w E2E KAPI — nesting_mode=auto + auto_family_routing=True (wall_aware'i F5 acmali, drop_cache uretim tetigi)
[15:41:58] RAM musait=3.2GB | beklenti: 282.0mm @0.5, sure 120..260s
[15:41:58] ==========================================================================
C:\Users\erenk\AppData\Local\Packages\PythonSoftwareFoundation.Python.3.13_qbz5n2kfra8p0\LocalCache\local-packages\Python313\site-packages\cupy\_environment.py:284: UserWarning: CUDA path could not be detected. Set CUDA_PATH environment variable if CuPy fails to load.
  warnings.warn(
nesting[B001]: RAM-guard (rapor-only): tahmini grid ~1164M hucre @pitch 0.50mm > bellek butcesi ~6M (bos RAM 3.1GB) -> bellek-riskli; pitch DEGISTIRILMEDI (davranis korundu), operator daha kaba pitch/plaka veya daha fazla RAM dusunmeli.
========================================================================
DEMO PIPELINE OZETI
========================================================================
Siparis sayisi   : 1
Parti sayisi     : 1
Uyari sayisi     : 0

--- Oncelik Sirasi (ilk 5) ---
  1. ZIP-DF52369F         termin=2026-07-13  oncelik=2

--- Parti Ozeti (Instance-Tuner) ---
  B001: FSM          | yukseklik=282.0mm | doluluk=15.6% | kazanan-konfig=dblf_only | kazanc=0.00mm (6.0%) | secim-tahmin=ga(zor) | fiyat=200.00$

Toplam ciro onerisi : 200.00 $
Pipeline suresi     : 205.31 s
Tuner budget        : 70 iter/konfig
========================================================================
[15:45:23] BITTI — 205s (3.4 dk)
[15:45:23] [B001] --- nesting sonucu (skaler alanlar) ---
[15:45:23] [B001]   applied_pitch_mm = 0.5
[15:45:23] [B001]   auto_mode_reason = auto->heightmap: kabuk ailesi (thin_shell, guven=0.87 >= 0.75): cidar-pitch yolu; K-12 kabukta gecersiz (K-19)
[15:45:23] [B001]   budget_exceeded = False
[15:45:23] [B001]   coarse_menu_reason = dblf_only: thin_shell/H-15p (coarse tune %90 pay, SA/GA kazandirmiyor)
[15:45:23] [B001]   coarse_time_s = 38.826
[15:45:23] [B001]   density = 0.15609621039969981
[15:45:23] [B001]   drop_cache_evictions = 0
[15:45:23] [B001]   drop_cache_fallbacks = 17
[15:45:23] [B001]   drop_cache_hit_ratio = 0.9031
[15:45:23] [B001]   drop_cache_keys = 40
[15:45:23] [B001]   drop_cache_peak_mb = 43.56
[15:45:23] [B001]   elapsed_sec = 204.873
[15:45:23] [B001]   fine_angle_reason = skipped: thin_shell/H-15p
[15:45:23] [B001]   fine_angle_time_s = 0.0
[15:45:23] [B001]   fine_angle_used = False
[15:45:23] [B001]   fine_time_s = 166.045
[15:45:23] [B001]   height_mm = 282.0
[15:45:23] [B001]   mesh_volume_cm3 = 3305.89
[15:45:23] [B001]   n_parts = 588
[15:45:23] [B001]   nesting_mode_used = heightmap
[15:45:23] [B001]   note = 
[15:45:23] [B001]   pitch_mm = 0.5
[15:45:23] [B001]   plate_auto = True
[15:45:23] [B001]   plate_d_mm = 301.6
[15:45:23] [B001]   plate_w_mm = 301.6
[15:45:23] [B001]   ram_guard_reason = RAM-guard (rapor-only): tahmini grid ~1164M hucre @pitch 0.50mm > bellek butcesi ~6M (bos RAM 3.1GB) -> bellek-riskli; pitch DEGISTIRILMEDI (davranis korundu), operator daha kaba pitch/plaka veya daha fazla RAM dusunmeli.
[15:45:23] [B001]   suggested_pitch_mm = 0.5
[15:45:23] [B001]   time_budget_sec = None
[15:45:23] [B001]   volume_fill_pct = 12.9
[15:45:23] [B001]   volume_missing_parts = 0
[15:45:23] [B001]   wall_aware_pitch = True
[15:45:23] [B001]   winning_config = dblf_only
[15:45:25] [B001] KRITER A (282.0 birebir): PASS (height=282.0)
[15:45:25] [B001] KRITER B (kabuk+wall_aware izi): PASS
[15:45:25] [B001] KRITER C (cache telemetri gorunur): PASS -> hit_orani=%90.3 anahtar=40 tepe_cache=43.6MB fallback=17
[15:45:25] KRITER D (sure 120..260s bandi): PASS (olculen=205s)
[15:45:25] KIYAS: K-19 v2=282.0 | H-15p tek basina ~553s | Magics=250.24
[15:45:25] KRITER E (tepe RAM <6.5GB): PASS (process=1.17GB)
