====================================================================================
HEIGHT-DRIVER TESHISI — Deneme4 GERCEK plaka 325 (URETIM wall_aware 264-config) tavan=264.0mm  yerlesen=588/588
====================================================================================
   tepe-z taban-z    yuk  oi                bbox(mm)  parca
------------------------------------------------------------------------------------
    264.0   176.5   87.5   0     [48.8, 87.1, 131.4]  ASY-0176446
    263.0   175.5   87.5   1     [48.8, 87.1, 131.4]  ASY-0176446
    260.5   173.0   87.5   0     [48.8, 87.1, 131.4]  ASY-0176446
    254.0   166.5   87.5   0     [48.8, 87.1, 131.4]  ASY-0176446
    251.5   164.0   87.5   0     [48.8, 87.1, 131.4]  ASY-0176446
    249.0   161.5   87.5   0     [48.8, 87.1, 131.4]  ASY-0176446
    246.0   158.5   87.5   0     [48.8, 87.1, 131.4]  ASY-0176446
    242.0   154.5   87.5   1     [48.8, 87.1, 131.4]  ASY-0176446
    238.0   150.5   87.5   1     [48.8, 87.1, 131.4]  ASY-0176446
    237.0   149.5   87.5   0     [48.8, 87.1, 131.4]  ASY-0176446
    236.0   220.0   16.0   0      [15.9, 24.9, 27.9]  04_T00-K179 Dugme Fonksiyonsuz
    235.5   219.5   16.0   1      [15.9, 24.9, 27.9]  04_T00-K179 Dugme Fonksiyonsuz
    235.5   219.5   16.0   0      [15.9, 24.9, 27.9]  04_T00-K179 Dugme Fonksiyonsuz
    235.5   219.5   16.0   0      [15.9, 24.9, 27.9]  04_T00-K179 Dugme Fonksiyonsuz
    235.0   219.0   16.0   0      [15.9, 24.9, 27.9]  04_T00-K179 Dugme Fonksiyonsuz
    234.5   218.5   16.0   0      [15.9, 24.9, 27.9]  04_T00-K179 Dugme Fonksiyonsuz
    234.0   218.0   16.0   1      [15.9, 24.9, 27.9]  04_T00-K179 Dugme Fonksiyonsuz
    233.5   205.5   28.0   2      [15.9, 24.9, 27.9]  04_T00-K179 Dugme Fonksiyonsuz
    233.5   217.5   16.0   1      [15.9, 24.9, 27.9]  04_T00-K179 Dugme Fonksiyonsuz
    233.0   217.0   16.0   0      [15.9, 24.9, 27.9]  04_T00-K179 Dugme Fonksiyonsuz
------------------------------------------------------------------------------------

  TAVANIN %90'i (237.6mm) USTUNDE 9 parca, 1 tip:
     x  9  tepe-max=  264.0  bbox=[48.8, 87.1, 131.4]  ASY-0176446

  TUM 13 TIP — global max tepe-z (sirali):
     tepe-max=  264.0  x62   bbox=   [48.8, 87.1, 131.4]  ASY-0176446
     tepe-max=  236.0  x56   bbox=    [15.9, 24.9, 27.9]  04_T00-K179 Dugme Fonksiyonsuz
     tepe-max=  230.0  x27   bbox=     [7.3, 24.9, 25.9]  09_00-K179 Dugme Kilidi
     tepe-max=  226.5  x12   bbox=     [7.7, 27.2, 31.3]  01_202201790014_00-K179 Dugme Aksesu
     tepe-max=  226.0  x126  bbox=      [9.0, 9.0, 16.0]  ASY-0176446-1
     tepe-max=  224.5  x26   bbox=    [15.9, 25.1, 28.1]  02_T00-K179 Dugme Cift Fonksiyonlu-2
     tepe-max=  219.0  x200  bbox=    [15.9, 24.9, 27.9]  03_00-K179 Dugme Tek Fonksiyonlu
     tepe-max=  144.5  x20   bbox=    [15.3, 34.9, 34.9]  17_00-K179 SSB Dugme
     tepe-max=  143.5  x20   bbox=    [15.9, 24.9, 27.9]  05_00-K179 WBT Dugme
     tepe-max=  143.0  x25   bbox=    [11.0, 24.9, 27.9]  10_T00-K179 Kilitli Dugme
     tepe-max=   98.0  x12   bbox=    [15.9, 24.9, 27.9]  02_202201790002_T00-K179 Dugme Cift 
     tepe-max=   65.0  x1    bbox=  [45.7, 205.4, 242.3]  part239392_ROBT UST v27
     tepe-max=   32.5  x1    bbox=  [32.3, 232.7, 291.6]  part239391_ROBT ALT v27
====================================================================================
BITTI
