==============================================================================
K-22b LEGAL-INSERT TESHISI — 9 ASY icin tam-3D cakismasiz cep aramasi
==============================================================================
voxelize @0.5 n=4: 588 parca (45s)
kuyruk=9 parca (['ASY-0176446']), taban=579
KAPI: taban cifte-dolu=0 (0 olmali) | taban tepe=250.5mm
  ASY-0176446_53: tepe 256.5 -> 253.0mm (oi 0->1, z 338->331)  [38s]
  ASY-0176446_55: tepe 253.5 -> 255.5mm (oi 1->1, z 332->336)  [34s]
  ASY-0176446_56: tepe 256.0 -> 256.0mm (oi 1->0, z 337->337)  [34s]
  ASY-0176446_57: tepe 265.5 -> 256.5mm (oi 0->1, z 356->338)  [34s]
  ASY-0176446_58: tepe 257.0 -> 265.0mm (oi 1->0, z 339->355)  [32s]
  ASY-0176446_59: tepe 282.0 -> 265.5mm (oi 2->1, z 301->356)  [30s]
  ASY-0176446_60: tepe 266.0 -> 276.0mm (oi 1->1, z 357->377)  [32s]
  ASY-0176446_61: tepe 276.5 -> 280.5mm (oi 1->1, z 378->386)  [30s]
  ASY-0176446_62: tepe 281.0 -> 281.5mm (oi 1->2, z 387->300)  [33s]

insert sonrasi yukseklik: 281.5mm (K-19 282.0 | taban 250.5 | Magics 250.24)
ERISILEBILIRLIK (1.7s): kilitli=39/588
  ilk kilit grubu ornek uyeler: ['03_00-K179 Dugme Tek Fonksiyonlu_098', '03_00-K179 Dugme Tek Fonksiyonlu_131', '03_00-K179 Dugme Tek Fonksiyonlu_171', 'ASY-0176446_01', 'ASY-0176446_02', 'ASY-0176446_03', 'ASY-0176446_04', 'ASY-0176446_05', 'ASY-0176446_06', 'ASY-0176446_07']
HUKUM: cep var (281.5) ama 39 kilit -> ILLEGAL; yol K-23 veya kilit-farkindali insert.
TOPLAM SURE: 1510s
