==============================================================================
K-24 ADIM-1 — gercek plakada (325) zincir-ekimi KAPASITE olcumu
==============================================================================
[0] solve bitti: tavan=264.0mm  yerlesen=588/588  (5.6 dk)
    yerlesimler kaydedildi: C:\Users\erenk\OneDrive\Masaüstü\IE 488 Project\data\mail_stl\k24_placements_325_264.pkl (59.2 MB)

[1] MEVCUT ZINCIR YAPISI (tavan=264.0, ASY=62, govde=87.5mm)
    kok sayisi (paralel zincir): 13
     kok-pid halka   taban    tepe    xy-merkez(mm)
    ASY-0176446_05    36     0.0   264.0        (213,254)
    ASY-0176446_15     7     0.0   186.0         (268,98)
    ASY-0176446_01     5     0.0   141.0         (299,67)
    ASY-0176446_13     3     0.0   141.5          (26,45)
    ASY-0176446_02     2     0.0   126.0         (87,224)
    ASY-0176446_09     2    24.0   141.0        (140,100)
    ASY-0176446_03     1     0.0    87.5        (214,232)
    ASY-0176446_04     1     0.0    87.5         (86,246)
    ASY-0176446_06     1     0.0    87.5         (85,268)
    ASY-0176446_07     1     0.0    87.5        (212,276)
    ASY-0176446_08     1     0.0    87.5        (252,105)
    ASY-0176446_11     1     0.0    87.5         (84,289)
    ASY-0176446_12     1     0.0    87.5        (211,297)
    halka: toplam=62 ort=4.8 min=1 max=36 | z-adim medyan=11.2mm

[2] KAPASITE — 62 ASY sokuldu, kalan 526 parcanin yuzeyi:
    ASY'siz yuzey max=236.0mm (beklenen ~236) | taban-bos hucre orani=12.7%
    ASY footprint adaylari (hucre 0.5mm): [(102, 179, '51x90mm'), (102, 267, '51x134mm'), (179, 102, '90x51mm'), (267, 102, '134x51mm')]
    AYRIK dusuk-yuzey pencere sayisi (yuzey+govde<=250.5): 0

[3] DENGE — K pencereye 62 halka su-doldurma (z-adim=11.2mm):
      K  tavan(mm)  yorum

KARAR GIRDISI:
  Pencere YOK (yuzey+govde hep >250.5) -> gercek plakada da zincir tabani icin yer yok; K-24 NO-GO, tavan 264 yapisal kalir.

IHTIYAT: yuzey haritasi kolon-tepe yaklasimi + 526 parca sabit varsayimi; gercek zincir-ekimi decode'u farkli dolabilir. Bu bir on-teshis.
TOPLAM SURE: 5.7 dk
