==============================================================================
NFV LEGAL TESHISI — plan1 (EVAL-1 kok-neden)  seed=42
==============================================================================
plaka 340.2x340.2  toplam parca 112

------------------------------------------------------------------------------
KONFIG settleON_m1: {'margin': 1, 'fine_settle': True}
  yukseklik=120.7mm  yerlesen=112/112  pitch=0.635  (76s)
  min_clearance=0.083mm  (cift sayisi=198)
    worst-pair: [TAPER-GAUGE-1] <-> [TAPER-GAUGE-1]
  kilit=81/112  grup sayisi=1
    grup boylari: [81]
    kilitli tipler:
      x 22  ENG-500053_L-Bracket
      x 14  811791-1
      x 10  TAPER-GAUGE-1
      x  8  bobbin_1_v2
      x  7  811793-1
      x  6  bobbin_3_v2
      x  5  pyramid_with_doors
      x  4  bobbin_2_v2

------------------------------------------------------------------------------
KONFIG settleOFF_m1: {'margin': 1, 'fine_settle': False}
  yukseklik=127.0mm  yerlesen=112/112  pitch=2.540  (42s)
  min_clearance=0.083mm  (cift sayisi=195)
    worst-pair: [TAPER-GAUGE-1] <-> [TAPER-GAUGE-1]
  kilit=88/112  grup sayisi=1
    grup boylari: [88]
    kilitli tipler:
      x 22  ENG-500053_L-Bracket
      x 17  811791-1
      x 10  TAPER-GAUGE-1
      x  9  811793-1
      x  8  bobbin_1_v2
      x  6  bobbin_3_v2
      x  5  pyramid_with_doors
      x  5  bobbin_2_v2

------------------------------------------------------------------------------
KONFIG settleON_m2: {'margin': 2, 'fine_settle': True}
