[18:48:13] ZINCIR TESTI BASLADI — nesting_mode=auto + auto_family_routing=True (wall_aware bayragi BILEREK verilmedi; F5 acmali)
[18:48:13] RAM musait=5.1GB | beklenen: heightmap@0.5 -> 282.0mm
========================================================================
DEMO PIPELINE OZETI
========================================================================
Siparis sayisi   : 1
Parti sayisi     : 1
Uyari sayisi     : 0

--- Oncelik Sirasi (ilk 5) ---
  1. ZIP-FADB1BA8         termin=2026-07-13  oncelik=2

--- Parti Ozeti (Instance-Tuner) ---
  B001: FSM          | yukseklik=282.0mm | doluluk=15.6% | kazanan-konfig=baseline | kazanc=0.00mm (6.0%) | secim-tahmin=ga(zor) | fiyat=200.00$

Toplam ciro onerisi : 200.00 $
Pipeline suresi     : 6271.91 s
Tuner budget        : 70 iter/konfig
========================================================================
[20:32:45] BITTI — 6272s (104.5 dk)
[20:32:45] [B001] --- nesting sonucu (skaler alanlar) ---
[20:32:45] [B001]   applied_pitch_mm = 0.5
[20:32:45] [B001]   auto_mode_reason = auto->heightmap: kabuk ailesi (thin_shell, guven=0.87 >= 0.75): cidar-pitch yolu; K-12 kabukta gecersiz (K-19)
[20:32:45] [B001]   budget_exceeded = False
[20:32:45] [B001]   density = 0.15609621039969981
[20:32:45] [B001]   elapsed_sec = 6270.504
[20:32:45] [B001]   height_mm = 282.0
[20:32:45] [B001]   mesh_volume_cm3 = 3305.89
[20:32:45] [B001]   n_parts = 588
[20:32:45] [B001]   nesting_mode_used = heightmap
[20:32:45] [B001]   note = 
[20:32:45] [B001]   pitch_mm = 0.5
[20:32:45] [B001]   plate_auto = True
[20:32:45] [B001]   plate_d_mm = 301.6
[20:32:45] [B001]   plate_w_mm = 301.6
[20:32:45] [B001]   ram_guard_reason = RAM-guard (rapor-only): tahmini grid ~1164M hucre @pitch 0.50mm > bellek butcesi ~10M (bos RAM 4.8GB) -> bellek-riskli; pitch DEGISTIRILMEDI (davranis korundu), operator daha kaba pitch/plaka veya daha fazla RAM dusunmeli.
[20:32:45] [B001]   suggested_pitch_mm = 0.5
[20:32:45] [B001]   time_budget_sec = None
[20:32:45] [B001]   volume_fill_pct = 12.9
[20:32:45] [B001]   volume_missing_parts = 0
[20:32:45] [B001]   wall_aware_pitch = True
[20:32:47] [B001] KRITER A (282.0 birebir): PASS (height=282.0)
[20:32:47] [B001] KRITER C (kabuk+wall_aware izi): PASS
[20:32:47] KIYAS: K-19 v2=282.0 | eski hm@2.9=377.3 | Magics=250.24
[20:32:47] TEPE RAM process=0.87GB
